-- Promise: construct + then/catch/finally --
42
20
caught:boom
oops
a1,b2
got:E
fin,v5
-- Promise: statics --
1,2,3
rej:X
first
fulfilled,rejected
-- Promise: identity + flatten + captured resolver --
true true
function
11
resolver-callable-after-executor
-- async / await (M680) --
5
20
err
handled:X
3
15
8
-- async arrows (M681) --
42
20
7
15
-- async methods (M682) --
5
7
42
e
3
-- fetch(url) -> Promise<Response> (M684; host mock) --
hello from fetch
404,false
1,2-3
hello from fetch
caught
-- fetch POST + options (M703; mock echoes POST <ctype>:<body>) --
POST text/plain:hi POST application/json:{"a":1}
-- Promise.any + thenable assimilation (M687) --
b
AggregateError:x,y
77
55
-- JSON.stringify toJSON + non-finite (M691) --
{"b":2}
{"x":"X"}
{"n":null,"m":null,"ok":5}
-- Array.lastIndexOf(fromIndex) + reduce-of-empty throws (M692) --
1 1 3 -1
threw 0 30
-- ToNumber 0b / 0o string prefixes (M693) --
5 15 3 255 15
-- String startsWith/endsWith position + repeat(-1) throws (M694) --
true true false true threw
-- Date string parsing: new Date(str) + Date.parse (M695) --
2024 1704067200000 86400000 2 10
-- regex replace $<name> named-group substitution (M696) --
01/2024 1a 2b a-b
-- classic prototype inheritance (B.prototype = Object.create(A.prototype)) (M698) --
Rex bark|true|true
-- obj.constructor + fn/class .name (M699) --
true Dog foo B
-- new.target meta-property (M700) --
true true 1
-- floating point (M906-M909): real IEEE-754 doubles --
6.28 3.5 2.5 0.125
Infinity -Infinity NaN false true
3 4 3 -3 4
3.14159265358979 0 1 3.14159265358979
3.14 5.00 1234.57
3.14 1000 NaN
3.99 -0.5 1500 {"price":3.99,"rate":-0.5,"big":1500}
-- localStorage getItem/setItem/removeItem/clear (M1619) --
1 2 null
null 2
null null
-- Set.entries() (M1621): Map/Array already had it, Set fell through to a throw --
1:1,2:2,3:3
-- unicode escapes in string literals + JSON.parse (M1623) --
ABC
AB
-- String.lastIndexOf(fromIndex) (M1623) --
0 4 3 -1
-- done --
