-- core --
14 ab y number string undefined
8
1 16 true true true
-- functions / closures / recursion --
144
15
81
7
10,11 10,99
-- arrays --
4 3-1-2-4
9,16
10 12 true
3,2,1 2,3
true a.b.c
true 1,2,3,4,5
255 26 5,5,5 2
1,2,3 2,9,10 fig,kiwi,pear
-- strings --
HELLO world hi!
3 ababab hello JS
true ..hi 120 4
-- objects --
6 a,b,c 1,2,3
{"k":7,"v":8}
{"a":1,"b":2} 1,2,3 -1
ff 11111111 -a 42
-- JSON --
{"n":"OS","a":[1,2],"ok":true}
1 3 hi
-- template literals --
hi OS-DEV, 3 and 2,4,6
nested in 6
-- control flow --
one two/three many
60
abc
10
-- exceptions --
caught boom
fin
json err caught
err:undefined variable
-- this / new / methods --
11 12 12
105
3,6,9
6 21
-- class --
square 25
7
-- super --
4 vehicle:car
-- spread / rest --
1,2,3,4 a.b
10
{"x":1,"y":2}
-- destructuring --
1 2 3,4
z 9
26
-- param destructuring --
6 3
2,12
9,7
-- assignment destructuring --
2 1
8 9
1 2,3
-- nullish / optional chaining --
d 0 7
5 undefined undefined
undefined undefined undefined
9 undefined
undefined 5
{"dyn":1,"ab":2}
-- Map / Set --
2 9 true undefined
3 true 1,2,3
50
3,1,2 2 2,4,6 1
4 true {"a":1,"b":2}
4 x  | |  y
number number 19
undefined true 0 {} {}
a%20b%26c x y p/q?x=1
a1,b2 1
a2b4 yx
-- more stdlib --
30 1,1,2,2,3,3 2
a/b/c i
{"k":1} {"z":9}
-- regex --
true false
3x7,3,7
15/01/2024
123 a|b|c
true a#b# 5 1
gi ! {"source":"z","global":true,"flags":"g"}
-- dom getAttribute --
href data-id type
undefined undefined
-- array mutators --
2,3 1,a,b,c,4,5
0 1,2,3
cba 16
3,9,2 2,1,3 1,2,3 3,2,1 3,1,2
1,9,4 1,8,9,2,3 1,2,7
-- call/apply --
11 7 Hi Ada 9
13 111 function
-- delete --
true 1,3 undefined
a,c
undefined 20
true 1/undefined/3
true true
true false
-- in --
true true false
true true false
ab
18
Y
-- bitwise --
6 -6 6 1 -1 7
-- instanceof --
true true false false w
true true true false
-- pow/void --
1024 512 18 undefined undefined
10 12
-- cmp-assign --
8 15 6 16 32 1024
ab 9
-- num-literals --
10 15 1000 255 500 255
40 3 0
1000000 65535 170
-- stdlib --
0,0,0,0 1,9,9,4
5 13 10 4
0,1,2,3
x,y
3 -4 31 -5
true false 9007199254740991 Hi 17 function
3,1,2 true false
llo 2 2 false hello
a|b 3
el []
oops Error
TypeError:t
1 undefined true
9 3 false
true false true false true false true false
true 0 true 0
function true 0 true
2030 5 20 3
5 3 7 0 5 0 8
10 0 5
-- class-fields --
5 6 6
1 2
36 7 1 11
1 2 2 100
d b b
undefined true function
7 3
x|y|z:1,2 no-interp:undefined,undefined
-- location --
https: host.example /dir/page ?q=hi&n=2
https://host.example/dir/page?q=hi&n=2
-- accessors (getters/setters) --
10
10 10
100
7
3 undefined
1 2 8
true {"z":9}
12
40 10
base sub base
5 6 7
7 7
50 8 7 function undefined
-- prototype chain --
hi Ada
2 1
base
own base
null
7 7
XY
undefined
true false true true
1 8 5
false true false true
1 9 1 5 true false
true true true true true false
1,2 2 4 undefined
3 1,2,3 true 2 function
15 4 -4 2147483644 2
4294967295 16 12
true false true false true false true false true
false false true true
4,5,3,4,5 1,4,3,4,5
7 true true true
true false true true false true
[object Object] 1,2,3 s 1001 number
ell 0,1,2 10,20 0p1q
1 true a,b true false
1,234,567 -1 97 AB
true false 1,2,3 5
-- labeled break/continue --
00 10
2
d0a1
3 7
-- querySelector(All) --
alpha null alpha
2 alpha beta 2 alphabeta 0
alpha null
true false true
alpha null
2 alpha beta 2
<li id="z9">hi</li>
null
beta null alpha
P LI
-- getElementsBy* + getAttribute --
2 2 0
href@1 data@2
-- position write --
W1
W2 W1
-- classList --
false true true false false
a b
b
true true false false
false
true z
true false
-- instanceof / + ToPrimitive (M419-420) --
true true true
false false false
true true
true false
1,23 12,3 o=[object Object]
5 6 n=5
-- integer arithmetic / div-by-zero safety --
3 0 0 -1 2147483648
-- coercion edges (ToPrimitive / ToNumber, integer engine) --
[] [object Object] 0 1 1 2
10 3 53 0
255 42
-- regex bounded quantifiers {n,m} (M438) --
aaa false xabcy
-- Symbol + iterator protocol (M-symbol) --
true true true
true a,b {"a":1,"b":2}
ab symbol
1,2,3,4
0,1,2
terminated=true hitcap=true
noiter=0
-- Proxy get/set traps (M-proxy) --
1 DFLT 1,DFLT
42 recvIsProxy=true
s=5,bad=-1 s=5 bad=undefined
7 99 3 3
a,b,c 1,2,3 {"a":1,"b":2,"c":3}
a,b ab object
true,false false
hi:px
recterminated=true
object {}
deepchain=77
-- iterable spread + Array.from(customIterable) (M-iter) --
1,2,3,4 4
5,6,7,8 4
10,20,30
0 0
3 0,1
0 spreadNoCrash
9,8,7 a,b 1,2
spreadterminated=true spreadcap=true
-- Infinity sentinel + toFixed padding + flat(Infinity) (M529) --
inf=true posinf=true
min=1
fix2=5.00 fix0=255 negfix=-7.000
price=$1234.00
flatinf=4 flat1=3
-- string methods: normalize/concat/toLocale*, replaceAll(regex) (M530) --
norm=abc concat=abc concatnum=x12
lu=ABC ll=abc
ra-fn=a#b# ra-grp=1x2y
ra-nong=a_b_ rep1=a_b2
-- JSON.stringify omits undefined/function object props (M531) --
u={"b":1} f={"b":2} empty={}
arr=[1,null,3] nest={"o":{"b":2}}
-- regex lazy quantifiers + split capture groups + join undefined/null (M532) --
lazy=<a> lazyg=<a>,<b>,<c> greedy=<a><b>
html=hi
splitcap=a|1|b|2|c splitlim=a|b
joinu=1,,3 joinn=-2
-- Math.max()/min() empty = -+Infinity + global isFinite (M533) --
maxe=true mine=true maxa=7
minreduce=1 fin=true
-- let per-iteration binding in for-loops (M534) --
letclo=0,1,2
varclo=3,3
nestlet=00,01,10,11
letbig=100000
-- let per-iteration binding in for-of / for-in (M535) --
foflet=10,20,30
fofdestr=3,7
filet=a,b
fofvar=3
-- array elision / holes [1,,3] (M536) --
holelen=3 holeval=undefined holejoin=1,,3
lead=2 dbl=2 trail=2
-- new Date(ms) / component ctor / toISOString (M541) --
epoch=1970-0-1 iso=1970-01-01T00:00:00.000Z
y2024=2024 day=1 rt=1704067200000
comp=15/5 diff=1000000
-- indexOf/includes by ===  + Date getUTC*/toLocale* (M542) --
idxobj=1 incobj=true idxmiss=-1
idxnull=1 idxnum=1 lastobj=2
utcY=1970 utcDay=1 loc=string
-- regex named capture groups (?<name>…) (M543) --
ng=01/2024 ngtest=true noncap=true
-- class extends Error + Error.toString (M544) --
ce=MyErr:oops:404 isErr=true isMy=true
estr=Error: boom ecoerce=TypeError: bad
-- JSON.stringify array replacer (allowlist) (M545) --
repl={"a":1,"c":3} nest={"a":1,"b":{"a":2}} none={"a":1,"b":2}
-- ToPrimitive: a user object's toString() in string coercion (M574) --
tpc=custom! tps=custom! tpt=xcustom!
tpcls=$5 tpjoin=$1|$2
tpplain=[object Object] tprec=[object Object]
-- ToPrimitive: a user object's valueOf() in numeric coercion (M576) --
vosub=4 vonum=7 vouny=9
volt=true vowins=5 vostr=8
vocls=42 vorec=0 voplain=0
-- regex match.groups (named captures) + match.index (M577) --
ng=2024/01/15 ngidx=0 ngpos=20240115
nuidx=2 nugroups=undefined plainarr=undefined
-- JSON.parse reviver (M578) --
rvmul=10 rvnest=4 rvarr=2,4,6
rvdel=1,true rvnone=5
-- bitwise int32 semantics (M640) --
-2147483648 1 -1 -2147483648
16744512 99162322
-- regex word boundaries \b \B (M642) --
word two,words cat A Cat
-- regex backreferences \1..\9 (M643) --
true false hi hi true
-- regex m (multiline) + s (dotall) flags (M644) --
a a,b false true
-- regex (?:) non-capturing + \xHH (M645) --
1 catfish true A B
-- regex lookahead (?=) (?!) (M646) --
foo 100 true a
-- Date constructor normalization (M652) --
29 2/1 2025 2
-- function declaration hoisting (M653) --
hoisted true
-- class private fields #x (M654) --
10,true
-- Error subtype hierarchy (M656) --
true true false boom
-- JSON.stringify function replacer (M657) --
{"a":1,"c":3} {"o":{"x":1}}
-- ToNumber: leading whitespace + 0x hex + sign (M658) --
7 16 9 5 10
-- String.replace $` and $' patterns (M667) --
xxy xyy ab[ab|cd|e]e
-- generators function*/yield (eager) (M674) --
1,2,3 0,1,2,3 1,2,3 6
-- generator methods + [Symbol.iterator] iterables (M676) --
1,2 0,1,4,9 5
-- generator edge cases (M678) --
1,2,9 1,3 1,true
-- globalThis / self (M747) --
object object true true object 9 true
-- done --
