-- Promise: construct + then/catch/finally --
42
20
caught:boom
oops
a1,b2
got:E
fin,v5
-- Promise: statics --
1,2,3
rej:X
first
fulfilled,rejected
-- Promise: identity + flatten + captured resolver --
true true
function
11
resolver-callable-after-executor
-- async / await (M680) --
5
20
err
handled:X
3
15
8
-- async arrows (M681) --
42
20
7
15
-- done --
