-- core --
14 ab y number string undefined
8
1 16 true true true
-- functions / closures / recursion --
144
15
81
7
10,11 10,99
-- arrays --
4 3-1-2-4
9,16
10 12 true
3,2,1 2,3
true a.b.c
true 1,2,3,4,5
255 26 5,5,5 2
1,2,3 2,9,10 fig,kiwi,pear
-- strings --
HELLO world hi!
3 ababab hello JS
true ..hi 120 4
-- objects --
6 a,b,c 1,2,3
{"k":7,"v":8}
{"a":1,"b":2} 1,2,3 -1
ff 11111111 -a 42
-- JSON --
{"n":"OS","a":[1,2],"ok":true}
1 3 hi
-- template literals --
hi OS-DEV, 3 and 2,4,6
nested in 6
-- control flow --
one two/three many
60
abc
10
-- exceptions --
caught boom
fin
json err caught
err:undefined variable
-- this / new / methods --
11 12 12
105
3,6,9
6 21
-- class --
square 25
7
-- super --
4 vehicle:car
-- spread / rest --
1,2,3,4 a.b
10
{"x":1,"y":2}
-- destructuring --
1 2 3,4
z 9
26
-- param destructuring --
6 3
2,12
9,7
-- assignment destructuring --
2 1
8 9
1 2,3
-- nullish / optional chaining --
d 0 7
5 undefined undefined
undefined undefined undefined
9 undefined
undefined 5
{"dyn":1,"ab":2}
-- Map / Set --
2 9 true undefined
3 true 1,2,3
50
3,1,2 2 2,4,6 1
4 true {"a":1,"b":2}
4 x  | |  y
number number 19
undefined true 0 {} {}
a%20b%26c x y p/q?x=1
a1,b2 1
a2b4 yx
-- more stdlib --
30 1,1,2,2,3,3 2
a/b/c i
{"k":1} {"z":9}
-- regex --
true false
3x7,3,7
15/01/2024
123 a|b|c
true a#b# 5 1
gi ! {"source":"z","global":true,"flags":"g"}
-- dom getAttribute --
href data-id type
undefined undefined
-- array mutators --
2,3 1,a,b,c,4,5
0 1,2,3
cba 16
-- call/apply --
11 7 Hi Ada 9
13 111 function
-- delete --
true 1,3 undefined
a,c
undefined 20
true 1/undefined/3
true true
true false
-- in --
true true false
true true false
ab
18
Y
-- bitwise --
6 -6 6 1 -1 7
-- instanceof --
true true false false w
true true true false
-- pow/void --
1024 512 18 undefined undefined
10 12
-- cmp-assign --
8 15 6 16 32 1024
ab 9
-- num-literals --
10 15 1000 255 500 255
40 3 0
1000000 65535 170
-- stdlib --
0,0,0,0 1,9,9,4
5 13 10 4
0,1,2,3
x,y
3 -4 31 -5
true false 9007199254740991 Hi 17 function
3,1,2 true false
llo 2 2 false hello
a|b 3
el []
oops Error
TypeError:t
1 undefined true
9 3 false
true 0 true 0
function true 0 true
2030 5 20 3
5 3 7 0 5 0 8
10 0 5
-- class-fields --
5 6 6
1 2
36 7 1 11
1 2 2 100
d b b
undefined true function
7 3
x|y|z:1,2 no-interp:undefined,undefined
-- location --
https: host.example /dir/page ?q=hi&n=2
https://host.example/dir/page?q=hi&n=2
-- done --
